// Vitest Snapshot v1

exports[`xen message codec > should parse a hello message 1`] = `
{
  "length": 141,
  "success": true,
  "value": {
    "hello": {
      "signature": Uint8Array [
        107,
        242,
        36,
        232,
        54,
        179,
        113,
        2,
        119,
        49,
        249,
        245,
        204,
        5,
        131,
        204,
        136,
        215,
        88,
        248,
        128,
        234,
        227,
        90,
        188,
        196,
        169,
        8,
        182,
        176,
        95,
        160,
        28,
        104,
        182,
        26,
        167,
        236,
        134,
        124,
        20,
        151,
        239,
        118,
        132,
        244,
        158,
        30,
        39,
        5,
        247,
        6,
        229,
        174,
        104,
        130,
        198,
        72,
        223,
        65,
        62,
        170,
        80,
        7,
      ],
      "signed": {
        "neighbors": [
          {
            "nodeId": "n2",
            "proof": Uint8Array [
              0,
              0,
              0,
              0,
              0,
              0,
              0,
              0,
              0,
              0,
              0,
              0,
              0,
              0,
              0,
              0,
              0,
              0,
              0,
              0,
              0,
              0,
              0,
              0,
              0,
              0,
              0,
              0,
              0,
              0,
              0,
              0,
            ],
          },
        ],
        "nodeId": "n1",
        "sequence": 1659126756002n,
        "url": "https://n1.localhost:4000",
      },
    },
  },
}
`;
