// Vitest Snapshot v1

exports[`xen message codec > should parse a hello message 1`] = `
{
  "method": 0,
  "signature": {
    "data": [
      235,
      220,
      85,
      21,
      53,
      139,
      70,
      26,
      30,
      58,
      64,
      60,
      242,
      215,
      37,
      33,
      28,
      236,
      10,
      210,
      198,
      138,
      227,
      232,
      0,
      241,
      133,
      189,
      8,
      24,
      118,
      231,
      190,
      219,
      67,
      233,
      218,
      47,
      207,
      237,
      24,
      82,
      99,
      212,
      109,
      240,
      83,
      98,
      187,
      74,
      161,
      223,
      235,
      135,
      151,
      115,
      147,
      139,
      188,
      137,
      86,
      192,
      85,
      13,
    ],
    "type": "Buffer",
  },
  "signed": {
    "neighbors": [
      {
        "nodeId": "n1",
        "proof": {
          "data": [
            0,
            0,
            0,
            0,
            0,
            0,
            0,
            0,
            0,
            0,
            0,
            0,
            0,
            0,
            0,
            0,
            0,
            0,
            0,
            0,
            0,
            0,
            0,
            0,
            0,
            0,
            0,
            0,
            0,
            0,
            0,
            0,
          ],
          "type": "Buffer",
        },
      },
      {
        "nodeId": "n2",
        "proof": {
          "data": [
            0,
            0,
            0,
            0,
            0,
            0,
            0,
            0,
            0,
            0,
            0,
            0,
            0,
            0,
            0,
            0,
            0,
            0,
            0,
            0,
            0,
            0,
            0,
            0,
            0,
            0,
            0,
            0,
            0,
            0,
            0,
            0,
          ],
          "type": "Buffer",
        },
      },
    ],
    "nodeId": "n3",
    "sequence": 1658800572018n,
    "url": "https://n3.localhost:4002",
  },
}
`;
